20:50:41:909 [12988] | INFO  | Initializing crosire's ReShade version '6.7.3.2150' (64-bit) loaded from 'C:\Users\rezer\OneDrive\Desktop\DozhdOff Files\dxgi.dll' into 'C:\Users\rezer\OneDrive\Desktop\DozhdOff Files\eurotrucks2.exe' (0x9C5C946E) ...
20:50:41:912 [12988] | INFO  | Registering hooks for 'user32.dll' ...
20:50:41:913 [12988] | INFO  | > Libraries loaded.
20:50:41:915 [12988] | INFO  | > Found 21 match(es). Installing ...
20:50:41:968 [12988] | INFO  | Registering hooks for 'C:\WINDOWS\system32\dinput.dll' ...
20:50:41:969 [12988] | INFO  | > Delayed.
20:50:41:971 [12988] | INFO  | Registering hooks for 'C:\WINDOWS\system32\dinput8.dll' ...
20:50:41:972 [12988] | INFO  | > Delayed.
20:50:41:973 [12988] | INFO  | Registering hooks for 'ws2_32.dll' ...
20:50:41:975 [12988] | INFO  | > Delayed.
20:50:41:975 [12988] | INFO  | Registering hooks for 'C:\WINDOWS\system32\d2d1.dll' ...
20:50:41:976 [12988] | INFO  | > Delayed.
20:50:41:976 [12988] | INFO  | Registering hooks for 'C:\WINDOWS\system32\d3d9.dll' ...
20:50:41:976 [12988] | INFO  | > Delayed.
20:50:41:978 [12988] | INFO  | Registering hooks for 'C:\WINDOWS\system32\d3d10.dll' ...
20:50:41:979 [12988] | INFO  | > Delayed.
20:50:41:980 [12988] | INFO  | Registering hooks for 'C:\WINDOWS\system32\d3d10_1.dll' ...
20:50:41:980 [12988] | INFO  | > Delayed.
20:50:41:980 [12988] | INFO  | Registering hooks for 'C:\WINDOWS\system32\d3d11.dll' ...
20:50:41:981 [12988] | INFO  | > Libraries loaded.
20:50:41:981 [12988] | INFO  | > Found 3 match(es). Installing ...
20:50:42:029 [12988] | INFO  | Registering hooks for 'C:\WINDOWS\system32\d3d12.dll' ...
20:50:42:134 [12988] | INFO  | > Delayed.
20:50:42:139 [12988] | INFO  | Registering hooks for 'C:\WINDOWS\system32\dxgi.dll' ...
20:50:42:143 [12988] | INFO  | > Delayed until first call to an exported function.
20:50:42:145 [12988] | INFO  | Registering hooks for 'openvr_api.dll' ...
20:50:42:146 [12988] | INFO  | > Delayed.
20:50:42:151 [12988] | INFO  | Initialized.
20:50:43:548 [12988] | INFO  | Redirecting RegisterClassExW(lpWndClassEx = 000000000014F970 { "Maxey's Visuals", style = 0x40 }) ...
20:50:43:796 [12988] | INFO  | Redirecting D3D11CreateDeviceAndSwapChain(pAdapter = 0000000000000000, DriverType = 1, Software = 0000000000000000, Flags = 0, pFeatureLevels = 000000000014FDF8, FeatureLevels = 3, SDKVersion = 7, pSwapChainDesc = 000000000014F920, ppSwapChain = 000000014007B328, ppDevice = 000000014007B310, pFeatureLevel = 0000000000000000, ppImmediateContext = 000000014007B2D0) ...
20:50:43:801 [12988] | INFO  | Installing export hooks for 'C:\WINDOWS\system32\dxgi.dll' ...
20:50:43:806 [12988] | INFO  | > Found 5 match(es). Installing ...
20:50:43:806 [12988] | INFO  | Redirecting CreateDXGIFactory2(Flags = 0x80000000, riid = {7B7166EC-21C7-44AE-B21A-C9AE321AE369}, ppFactory = 000000000014F0C8) ...
20:50:43:908 [12988] | INFO  | Using feature level b000.
20:50:43:958 [12988] | INFO  | Searching for add-ons (*.addon, *.addon64) in 'C:\Users\rezer\OneDrive\Desktop\DozhdOff Files' ...
20:50:43:960 [12988] | INFO  | Calling IDXGIFactory::CreateSwapChain:
20:50:43:961 [12988] | INFO  | Redirecting IDXGIFactory::CreateSwapChain(this = 00000000006E7E00, pDevice = 000000000061DF10, pDesc = 000000000014F920, ppSwapChain = 000000014007B328) ...
20:50:43:962 [12988] | INFO  | > Dumping swap chain description:
20:50:43:963 [12988] | INFO  |   +-----------------------------------------+-----------------------------------------+
20:50:43:963 [12988] | INFO  |   | Parameter                               | Value                                   |
20:50:43:966 [12988] | INFO  |   +-----------------------------------------+-----------------------------------------+
20:50:43:966 [12988] | INFO  |   | Width                                   | 0                                       |
20:50:43:966 [12988] | INFO  |   | Height                                  | 0                                       |
20:50:43:967 [12988] | INFO  |   | RefreshRate                             | 0                   0                   |
20:50:43:967 [12988] | INFO  |   | Format                                  | DXGI_FORMAT_R8G8B8A8_UNORM              |
20:50:43:969 [12988] | INFO  |   | ScanlineOrdering                        | 0                                       |
20:50:43:969 [12988] | INFO  |   | Scaling                                 | 0                                       |
20:50:43:969 [12988] | INFO  |   | SampleCount                             | 1                                       |
20:50:43:970 [12988] | INFO  |   | SampleQuality                           | 0                                       |
20:50:43:970 [12988] | INFO  |   | BufferUsage                             | 0x20                                    |
20:50:43:970 [12988] | INFO  |   | BufferCount                             | 1                                       |
20:50:43:971 [12988] | INFO  |   | OutputWindow                            | 000000000006040E                        |
20:50:43:973 [12988] | INFO  |   | Windowed                                | TRUE                                    |
20:50:43:974 [12988] | INFO  |   | SwapEffect                              | 0                                       |
20:50:43:974 [12988] | INFO  |   | Flags                                   | 0                                       |
20:50:43:974 [12988] | INFO  |   +-----------------------------------------+-----------------------------------------+
20:50:43:977 [12988] | INFO  | Running on AMD Radeon RX 580 2048SP Driver 210.5.
20:50:43:993 [12988] | INFO  | Installing delayed hooks for 'ws2_32.dll' (Just loaded via LoadLibrary('C:\WINDOWS\System32\WS2_32.dll')) ...
20:50:43:993 [12988] | INFO  | > Found 8 match(es). Installing ...
20:50:44:552 [12988] | INFO  | Recreated runtime environment on runtime 0000000002520570 ('C:\Users\rezer\OneDrive\Desktop\DozhdOff Files\ReShade.ini').
20:50:45:737 [12988] | INFO  | Redirecting IDXGISwapChain::ResizeBuffers(this = 00000000006F8740, BufferCount = 0, Width = 1920, Height = 1009, NewFormat = 0, SwapChainFlags = 0) ...
20:50:45:739 [12988] | INFO  | Destroyed runtime environment on runtime 0000000002520570 ('C:\Users\rezer\OneDrive\Desktop\DozhdOff Files\ReShade.ini').
20:50:45:741 [12988] | INFO  | Recreated runtime environment on runtime 0000000002520570 ('C:\Users\rezer\OneDrive\Desktop\DozhdOff Files\ReShade.ini').
20:50:45:814 [ 7452] | INFO  | Successfully compiled 'C:\Users\rezer\OneDrive\Desktop\DozhdOff Files\reshade-shaders\Shaders\Daltonize.fx' in 0.053000 s.
20:50:45:814 [13228] | INFO  | Successfully compiled 'C:\Users\rezer\OneDrive\Desktop\DozhdOff Files\reshade-shaders\Shaders\qUINT\qUINT_deband.fx' in 0.053000 s.
20:50:45:822 [12964] | INFO  | Successfully compiled 'C:\Users\rezer\OneDrive\Desktop\DozhdOff Files\reshade-shaders\Shaders\LUT.fx' in 0.062000 s.
20:50:45:828 [13112] | INFO  | Successfully compiled 'C:\Users\rezer\OneDrive\Desktop\DozhdOff Files\reshade-shaders\Shaders\UIMask.fx' in 0.067000 s.
20:50:45:845 [11000] | INFO  | Successfully compiled 'C:\Users\rezer\OneDrive\Desktop\DozhdOff Files\reshade-shaders\Shaders\DisplayDepth.fx' in 0.085000 s.
20:50:45:851 [ 2892] | INFO  | Successfully compiled 'C:\Users\rezer\OneDrive\Desktop\DozhdOff Files\reshade-shaders\Shaders\Deband.fx' in 0.091000 s.
20:50:45:863 [10828] | INFO  | Successfully compiled 'C:\Users\rezer\OneDrive\Desktop\DozhdOff Files\reshade-shaders\Shaders\qUINT\qUINT_sharp.fx' in 0.102000 s.
20:50:45:913 [ 3032] | INFO  | Successfully compiled 'C:\Users\rezer\OneDrive\Desktop\DozhdOff Files\reshade-shaders\Shaders\qUINT\qUINT_lightroom.fx' in 0.153000 s.
20:50:45:927 [ 8844] | INFO  | Successfully compiled 'C:\Users\rezer\OneDrive\Desktop\DozhdOff Files\reshade-shaders\Shaders\qUINT\qUINT_ssr.fx' in 0.166000 s.
20:50:46:255 [ 9440] | INFO  | Successfully compiled 'C:\Users\rezer\OneDrive\Desktop\DozhdOff Files\reshade-shaders\Shaders\qUINT\qUINT_mxao.fx' in 0.494000 s.
20:50:46:255 [ 3560] | INFO  | Successfully compiled 'C:\Users\rezer\OneDrive\Desktop\DozhdOff Files\reshade-shaders\Shaders\qUINT\qUINT_dof.fx' in 0.495000 s.
20:50:48:296 [ 8760] | INFO  | Successfully compiled 'C:\Users\rezer\OneDrive\Desktop\DozhdOff Files\reshade-shaders\Shaders\qUINT\qUINT_bloom.fx' in 2.536000 s.
20:53:50:064 [12988] | INFO  | Redirecting IDXGISwapChain::ResizeBuffers(this = 00000000006F8740, BufferCount = 0, Width = 1920, Height = 1080, NewFormat = 0, SwapChainFlags = 0) ...
20:53:50:437 [12988] | INFO  | Destroyed runtime environment on runtime 0000000002520570 ('C:\Users\rezer\OneDrive\Desktop\DozhdOff Files\ReShade.ini').
20:53:50:438 [12988] | INFO  | Recreated runtime environment on runtime 0000000002520570 ('C:\Users\rezer\OneDrive\Desktop\DozhdOff Files\ReShade.ini').
20:53:50:447 [ 9832] | INFO  | Successfully compiled 'C:\Users\rezer\OneDrive\Desktop\DozhdOff Files\reshade-shaders\Shaders\LUT.fx' in 0.006000 s.
20:53:50:447 [ 8288] | INFO  | Successfully compiled 'C:\Users\rezer\OneDrive\Desktop\DozhdOff Files\reshade-shaders\Shaders\Daltonize.fx' in 0.006000 s.
20:53:50:450 [12652] | INFO  | Successfully compiled 'C:\Users\rezer\OneDrive\Desktop\DozhdOff Files\reshade-shaders\Shaders\UIMask.fx' in 0.008000 s.
20:53:50:450 [ 8428] | INFO  | Successfully compiled 'C:\Users\rezer\OneDrive\Desktop\DozhdOff Files\reshade-shaders\Shaders\qUINT\qUINT_deband.fx' in 0.007000 s.
20:53:50:451 [11892] | INFO  | Successfully compiled 'C:\Users\rezer\OneDrive\Desktop\DozhdOff Files\reshade-shaders\Shaders\qUINT\qUINT_sharp.fx' in 0.009000 s.
20:53:50:452 [ 2780] | INFO  | Successfully compiled 'C:\Users\rezer\OneDrive\Desktop\DozhdOff Files\reshade-shaders\Shaders\Deband.fx' in 0.009000 s.
20:53:50:452 [ 7760] | INFO  | Successfully compiled 'C:\Users\rezer\OneDrive\Desktop\DozhdOff Files\reshade-shaders\Shaders\DisplayDepth.fx' in 0.010000 s.
20:53:50:455 [10800] | INFO  | Successfully compiled 'C:\Users\rezer\OneDrive\Desktop\DozhdOff Files\reshade-shaders\Shaders\qUINT\qUINT_ssr.fx' in 0.012000 s.
20:53:50:459 [ 4628] | INFO  | Successfully compiled 'C:\Users\rezer\OneDrive\Desktop\DozhdOff Files\reshade-shaders\Shaders\qUINT\qUINT_dof.fx' in 0.017000 s.
20:53:50:459 [10084] | INFO  | Successfully compiled 'C:\Users\rezer\OneDrive\Desktop\DozhdOff Files\reshade-shaders\Shaders\qUINT\qUINT_bloom.fx' in 0.017000 s.
20:53:50:460 [12328] | INFO  | Successfully compiled 'C:\Users\rezer\OneDrive\Desktop\DozhdOff Files\reshade-shaders\Shaders\qUINT\qUINT_lightroom.fx' in 0.018000 s.
20:53:50:460 [ 6128] | INFO  | Successfully compiled 'C:\Users\rezer\OneDrive\Desktop\DozhdOff Files\reshade-shaders\Shaders\qUINT\qUINT_mxao.fx' in 0.018000 s.
